pocklington 6891450384315732539396789682275657542479668912536150109513790160209623422243491736087683183289411687640864567753786613451161759120554247759349511699125301598951605099378508850372543631423596795951899700429969112842764913119068299
   factorize 6891450384315732539396789682275657542479668912536150109513790160209623422243491736087683183289411687640864567753786613451161759120554247759349511699125301598951605099378508850372543631423596795951899700429969112842764913119068298
        of 230 digits
[using trivial division (579121)] 2 3 1871 3673 
Searching factor for 167133946236970419719536710103025912398812936940516817570045068168528676216458237896354117832460992565750566880853498164294173557382330276501404568221512281200689919039760457736465584793643126110773915179256458315180802401 of 20 digits
using pm1 with B1 = 11000 Using B1=11000, B2=874396, polynomial x^1, x0=3878002007
Step 1 took 5ms
Step 2 took 11ms

using pp1 with B1 = 11000 Using B1=11000, B2=1260528, polynomial x^1, x0=113009052
Step 1 took 7ms
Step 2 took 15ms
Using B1=11000, B2=1260528, polynomial x^1, x0=234604944
Step 1 took 10ms
Step 2 took 15ms

Using B1=11000, B2=1260528, polynomial x^1, x0=1642784312
Step 1 took 10ms
Step 2 took 16ms
using ecm with B1 = 11000 Using B1=11000, B2=4078476, polynomial x^1, sigma=1:2282818971
Step 1 took 37ms
Step 2 took 154ms
Using B1=11000, B2=4078476, polynomial x^1, sigma=1:4223650395
Step 1 took 40ms
Step 2 took 149ms

Searching factor for 167133946236970419719536710103025912398812936940516817570045068168528676216458237896354117832460992565750566880853498164294173557382330276501404568221512281200689919039760457736465584793643126110773915179256458315180802401 of 25 digits
using pm1 with B1 = 50000 Using B1=50000, B2=9714820, polynomial x^1, x0=612386647
Step 1 took 22ms
Step 2 took 20ms
1752575933698203533 (19 digits, F1 26 digits) 

using pm1 with B1 = 50000 Using B1=50000-50000, B2=9714820, polynomial x^1
Step 1 took 0ms
Step 2 took 23ms

using pp1 with B1 = 50000 Using B1=50000, B2=9714820, polynomial x^1, x0=1134388466
Step 1 took 31ms
Step 2 took 32ms
Using B1=50000, B2=9714820, polynomial x^1, x0=3794974554
Step 1 took 30ms
Step 2 took 35ms

Using B1=50000, B2=9714820, polynomial x^1, x0=2145354484
Step 1 took 33ms
Step 2 took 35ms
using ecm with B1 = 50000 Using B1=50000, B2=39792246, polynomial x^2, sigma=1:2996370900
Step 1 took 146ms
Step 2 took 887ms
Using B1=50000, B2=39792246, polynomial x^2, sigma=1:832022287
Step 1 took 183ms
Step 2 took 872ms

Some progress !! 
Searching factor for 95364738852879375999529923110794374775679379385618547352127098402272616993053756309141413228854043411511195406562169573270692276007438796683053427560753624048546241554779874047857796125592352165600360997 of 20 digits
using pm1 with B1 = 11000 Using B1=11000, B2=874396, polynomial x^1, x0=1930754777
Step 1 took 4ms
Step 2 took 10ms

using pp1 with B1 = 11000 Using B1=11000, B2=1260528, polynomial x^1, x0=2437611940
Step 1 took 7ms
Step 2 took 15ms
Using B1=11000, B2=1260528, polynomial x^1, x0=2816924787
Step 1 took 10ms
Step 2 took 16ms

Using B1=11000, B2=1260528, polynomial x^1, x0=4028777322
Step 1 took 8ms
Step 2 took 15ms
using ecm with B1 = 11000 Using B1=11000, B2=4078476, polynomial x^1, sigma=1:1081663108
Step 1 took 35ms
Step 2 took 129ms
Using B1=11000, B2=4078476, polynomial x^1, sigma=1:763250458
Step 1 took 30ms
Step 2 took 130ms

Searching factor for 95364738852879375999529923110794374775679379385618547352127098402272616993053756309141413228854043411511195406562169573270692276007438796683053427560753624048546241554779874047857796125592352165600360997 of 25 digits
using pm1 with B1 = 50000 Using B1=50000, B2=9714820, polynomial x^1, x0=1966867854
Step 1 took 14ms
Step 2 took 22ms

using pp1 with B1 = 50000 Using B1=50000, B2=9714820, polynomial x^1, x0=2762011240
Step 1 took 37ms
Step 2 took 44ms
Using B1=50000, B2=9714820, polynomial x^1, x0=3130706248
Step 1 took 35ms
Step 2 took 42ms

Using B1=50000, B2=9714820, polynomial x^1, x0=2679920861
Step 1 took 38ms
Step 2 took 38ms
using ecm with B1 = 50000 Using B1=50000, B2=39792246, polynomial x^2, sigma=1:1208375112
Step 1 took 173ms
Step 2 took 844ms
Using B1=50000, B2=39792246, polynomial x^2, sigma=1:2206551780
Step 1 took 153ms
Step 2 took 895ms

Searching factor for 95364738852879375999529923110794374775679379385618547352127098402272616993053756309141413228854043411511195406562169573270692276007438796683053427560753624048546241554779874047857796125592352165600360997 of 30 digits
using pm1 with B1 = 250000 Using B1=250000, B2=170973772, polynomial x^1, x0=4013664358
Step 1 took 91ms
Step 2 took 117ms

using pp1 with B1 = 250000 Using B1=250000, B2=170973772, polynomial x^1, x0=3846683543
Step 1 took 170ms
Step 2 took 147ms
Using B1=250000, B2=170973772, polynomial x^1, x0=2379328271
Step 1 took 148ms
Step 2 took 150ms

Using B1=250000, B2=170973772, polynomial x^1, x0=547105309
Step 1 took 193ms
Step 2 took 175ms
using ecm with B1 = 250000 Using B1=250000, B2=328840062, polynomial Dickson(3), sigma=1:2745182315
Step 1 took 701ms
Step 2 took 4100ms
2828185962806108830283 (22 digits, F1 48 digits) 
using pm1 with B1 = 250000 Using B1=250000-250000, B2=150221832, polynomial x^1
Step 1 took 0ms
Step 2 took 901ms

using pp1 with B1 = 250000 Using B1=250000, B2=150221832, polynomial x^1, x0=4220171553
Step 1 took 168ms
Step 2 took 1480ms
Using B1=250000, B2=150221832, polynomial x^1, x0=833767061
Step 1 took 133ms
Step 2 took 1488ms

Using B1=250000, B2=150221832, polynomial x^1, x0=3915877041
Step 1 took 147ms
Step 2 took 1400ms
using ecm with B1 = 250000 Using B1=250000, B2=328840062, polynomial Dickson(3), sigma=1:2032480142
Step 1 took 693ms
Step 2 took 3705ms
Using B1=250000, B2=328840062, polynomial Dickson(3), sigma=1:2675737862
Step 1 took 747ms
Step 2 took 3647ms

Some progress !! 
Searching factor for 33719401802793429060389923033301907801289050890469386375956971742415135439752461052066963774534790539291143282481850926409306030118415954240041155649958209454466874527823736603662159 of 20 digits
using pm1 with B1 = 11000 Using B1=11000, B2=874396, polynomial x^1, x0=3684118481
Step 1 took 4ms
Step 2 took 8ms

using pp1 with B1 = 11000 Using B1=11000, B2=1260528, polynomial x^1, x0=3444891062
Step 1 took 8ms
Step 2 took 14ms
Using B1=11000, B2=1260528, polynomial x^1, x0=3470424622
Step 1 took 8ms
Step 2 took 9ms

Using B1=11000, B2=1260528, polynomial x^1, x0=3307422766
Step 1 took 7ms
Step 2 took 12ms
using ecm with B1 = 11000 Using B1=11000, B2=4078476, polynomial x^1, sigma=1:555094170
Step 1 took 27ms
Step 2 took 121ms
Using B1=11000, B2=4078476, polynomial x^1, sigma=1:2364196654
Step 1 took 30ms
Step 2 took 125ms

Searching factor for 33719401802793429060389923033301907801289050890469386375956971742415135439752461052066963774534790539291143282481850926409306030118415954240041155649958209454466874527823736603662159 of 25 digits
using pm1 with B1 = 50000 Using B1=50000, B2=9714820, polynomial x^1, x0=3651156378
Step 1 took 18ms
Step 2 took 28ms

using pp1 with B1 = 50000 Using B1=50000, B2=9714820, polynomial x^1, x0=1148863603
Step 1 took 36ms
Step 2 took 40ms
Using B1=50000, B2=9714820, polynomial x^1, x0=3660144787
Step 1 took 34ms
Step 2 took 34ms

Using B1=50000, B2=9714820, polynomial x^1, x0=2290578063
Step 1 took 34ms
Step 2 took 32ms
using ecm with B1 = 50000 Using B1=50000, B2=39792246, polynomial x^2, sigma=1:3780533208
Step 1 took 133ms
Step 2 took 798ms
Using B1=50000, B2=39792246, polynomial x^2, sigma=1:478119867
Step 1 took 135ms
Step 2 took 664ms

Searching factor for 33719401802793429060389923033301907801289050890469386375956971742415135439752461052066963774534790539291143282481850926409306030118415954240041155649958209454466874527823736603662159 of 30 digits
using pm1 with B1 = 250000 Using B1=250000, B2=170973772, polynomial x^1, x0=3554028740
Step 1 took 62ms
Step 2 took 101ms

using pp1 with B1 = 250000 Using B1=250000, B2=170973772, polynomial x^1, x0=829216669
Step 1 took 159ms
Step 2 took 133ms
Using B1=250000, B2=170973772, polynomial x^1, x0=1967775804
Step 1 took 152ms
Step 2 took 135ms

Using B1=250000, B2=170973772, polynomial x^1, x0=3802455744
Step 1 took 144ms
Step 2 took 137ms
using ecm with B1 = 250000 Using B1=250000, B2=328840062, polynomial Dickson(3), sigma=1:3779976689
Step 1 took 665ms
Step 2 took 3454ms
Using B1=250000, B2=328840062, polynomial Dickson(3), sigma=1:480492872
Step 1 took 645ms
Step 2 took 3667ms

Searching factor for 33719401802793429060389923033301907801289050890469386375956971742415135439752461052066963774534790539291143282481850926409306030118415954240041155649958209454466874527823736603662159 of 35 digits
using pm1 with B1 = 1000000 Using B1=1000000, B2=1748900148, polynomial x^1, x0=2800983820
Step 1 took 341ms
Step 2 took 402ms

using pp1 with B1 = 1000000 Using B1=1000000, B2=2758243096, polynomial x^1, x0=2735399291
Step 1 took 626ms
Step 2 took 559ms
Using B1=1000000, B2=2758243096, polynomial x^1, x0=2208123384
Step 1 took 658ms
Step 2 took 597ms

Using B1=1000000, B2=2758243096, polynomial x^1, x0=2810759156
Step 1 took 618ms
Step 2 took 541ms
using ecm with B1 = 1000000 Using B1=1000000, B2=2745384192, polynomial Dickson(6), sigma=1:1064387992
Step 1 took 2482ms
Step 2 took 20591ms
Using B1=1000000, B2=2745384192, polynomial Dickson(6), sigma=1:1872009405
Step 1 took 2488ms
Step 2 took 20150ms

Searching factor for 33719401802793429060389923033301907801289050890469386375956971742415135439752461052066963774534790539291143282481850926409306030118415954240041155649958209454466874527823736603662159 of 40 digits
using pm1 with B1 = 3000000 Using B1=3000000, B2=11184906436, polynomial x^1, x0=4137418025
Step 1 took 941ms
Step 2 took 833ms

using pp1 with B1 = 3000000 Using B1=3000000, B2=11184906436, polynomial x^1, x0=2237345059
Step 1 took 1734ms
Step 2 took 1068ms
Using B1=3000000, B2=11184906436, polynomial x^1, x0=1781053432
Step 1 took 1817ms
Step 2 took 1192ms

Using B1=3000000, B2=11184906436, polynomial x^1, x0=2738646065
Step 1 took 1575ms
Step 2 took 1142ms
using ecm with B1 = 3000000 Using B1=3000000, B2=7057613652, polynomial Dickson(6), sigma=1:2027154944
Step 1 took 7268ms
Step 2 took 50197ms
Using B1=3000000, B2=7057613652, polynomial Dickson(6), sigma=1:2765428077
Step 1 took 6873ms
Step 2 took 54077ms

Searching factor for 33719401802793429060389923033301907801289050890469386375956971742415135439752461052066963774534790539291143282481850926409306030118415954240041155649958209454466874527823736603662159 of 45 digits
using pm1 with B1 = 11000000 Using B1=11000000, B2=93543157510, polynomial x^1, x0=3594443162
Step 1 took 3307ms
Step 2 took 2501ms

using pp1 with B1 = 11000000 Using B1=11000000, B2=93543157510, polynomial x^1, x0=1649314487
Step 1 took 6739ms
Step 2 took 3561ms
Using B1=11000000, B2=93543157510, polynomial x^1, x0=4084732284
Step 1 took 6836ms
Step 2 took 3618ms

Using B1=11000000, B2=93543157510, polynomial x^1, x0=3042097418
Step 1 took 6895ms
Step 2 took 3559ms
using ecm with B1 = 11000000 Using B1=11000000, B2=53394014532, polynomial Dickson(12), sigma=1:3421588991
