pocklington 6891450384315732539396789682275657542479668912536150109513790160209623422243491736087683183289411687640864567753786613451161759120554247759349511699125301598951605099378508850372543631423596795951899700429969112842764913119068299
   factorize 6891450384315732539396789682275657542479668912536150109513790160209623422243491736087683183289411687640864567753786613451161759120554247759349511699125301598951605099378508850372543631423596795951899700429969112842764913119068298
        of 230 digits
[using trivial division (579121)] 2 3 1871 3673 
Searching factor for 167133946236970419719536710103025912398812936940516817570045068168528676216458237896354117832460992565750566880853498164294173557382330276501404568221512281200689919039760457736465584793643126110773915179256458315180802401 of 20 digits
using pm1 with B1 = 11000 Using B1=11000, B2=874396, polynomial x^1, x0=2870654231
Step 1 took 5ms
Step 2 took 12ms

using pp1 with B1 = 11000 Using B1=11000, B2=1260528, polynomial x^1, x0=563747740
Step 1 took 7ms
Step 2 took 20ms
Using B1=11000, B2=1260528, polynomial x^1, x0=558821093
Step 1 took 10ms
Step 2 took 14ms

Using B1=11000, B2=1260528, polynomial x^1, x0=3707908296
Step 1 took 11ms
Step 2 took 15ms
using ecm with B1 = 11000 Using B1=11000, B2=4078476, polynomial x^1, sigma=1:4235694442
Step 1 took 42ms
Step 2 took 160ms
1752575933698203533 (19 digits, F1 26 digits) 
using pm1 with B1 = 11000 Using B1=11000-11000, B2=804028, polynomial x^1
Step 1 took 0ms
Step 2 took 51ms

using pp1 with B1 = 11000 Using B1=11000, B2=804028, polynomial x^1, x0=2878963064
Step 1 took 10ms
Step 2 took 94ms
Using B1=11000, B2=804028, polynomial x^1, x0=124498576
Step 1 took 8ms
Step 2 took 88ms

Using B1=11000, B2=804028, polynomial x^1, x0=4030346609
Step 1 took 8ms
Step 2 took 85ms
using ecm with B1 = 11000 Using B1=11000, B2=4078476, polynomial x^1, sigma=1:3386220401
Step 1 took 35ms
Step 2 took 137ms
Using B1=11000, B2=4078476, polynomial x^1, sigma=1:1812793293
Step 1 took 34ms
Step 2 took 135ms

Some progress !! 
Searching factor for 95364738852879375999529923110794374775679379385618547352127098402272616993053756309141413228854043411511195406562169573270692276007438796683053427560753624048546241554779874047857796125592352165600360997 of 20 digits
using pm1 with B1 = 11000 Using B1=11000, B2=874396, polynomial x^1, x0=4153010191
Step 1 took 4ms
Step 2 took 11ms

using pp1 with B1 = 11000 Using B1=11000, B2=1260528, polynomial x^1, x0=3244462997
Step 1 took 10ms
Step 2 took 15ms
Using B1=11000, B2=1260528, polynomial x^1, x0=3898952943
Step 1 took 8ms
Step 2 took 15ms

Using B1=11000, B2=1260528, polynomial x^1, x0=2823403788
Step 1 took 7ms
Step 2 took 15ms
using ecm with B1 = 11000 Using B1=11000, B2=4078476, polynomial x^1, sigma=1:1803320960
Step 1 took 34ms
Step 2 took 155ms
Using B1=11000, B2=4078476, polynomial x^1, sigma=1:1837675070
Step 1 took 37ms
Step 2 took 164ms

Searching factor for 95364738852879375999529923110794374775679379385618547352127098402272616993053756309141413228854043411511195406562169573270692276007438796683053427560753624048546241554779874047857796125592352165600360997 of 25 digits
using pm1 with B1 = 50000 Using B1=50000, B2=9714820, polynomial x^1, x0=580656759
Step 1 took 20ms
Step 2 took 35ms

using pp1 with B1 = 50000 Using B1=50000, B2=9714820, polynomial x^1, x0=2565625532
Step 1 took 43ms
Step 2 took 46ms
Using B1=50000, B2=9714820, polynomial x^1, x0=4007380465
Step 1 took 42ms
Step 2 took 44ms

Using B1=50000, B2=9714820, polynomial x^1, x0=2101822264
Step 1 took 39ms
Step 2 took 42ms
using ecm with B1 = 50000 Using B1=50000, B2=39792246, polynomial x^2, sigma=1:583730963
Step 1 took 173ms
Step 2 took 946ms
Using B1=50000, B2=39792246, polynomial x^2, sigma=1:665165793
Step 1 took 168ms
Step 2 took 945ms

Searching factor for 95364738852879375999529923110794374775679379385618547352127098402272616993053756309141413228854043411511195406562169573270692276007438796683053427560753624048546241554779874047857796125592352165600360997 of 30 digits
using pm1 with B1 = 250000 Using B1=250000, B2=170973772, polynomial x^1, x0=3163268623
Step 1 took 111ms
Step 2 took 121ms

using pp1 with B1 = 250000 Using B1=250000, B2=170973772, polynomial x^1, x0=1245532801
Step 1 took 192ms
Step 2 took 173ms
Using B1=250000, B2=170973772, polynomial x^1, x0=1259077843
Step 1 took 187ms
Step 2 took 166ms

Using B1=250000, B2=170973772, polynomial x^1, x0=2589170411
Step 1 took 180ms
Step 2 took 162ms
using ecm with B1 = 250000 Using B1=250000, B2=328840062, polynomial Dickson(3), sigma=1:3979880542
Step 1 took 789ms
Step 2 took 4678ms
Using B1=250000, B2=328840062, polynomial Dickson(3), sigma=1:2298145715
Step 1 took 802ms
Step 2 took 4984ms

Searching factor for 95364738852879375999529923110794374775679379385618547352127098402272616993053756309141413228854043411511195406562169573270692276007438796683053427560753624048546241554779874047857796125592352165600360997 of 35 digits
using pm1 with B1 = 1000000 Using B1=1000000, B2=1748900148, polynomial x^1, x0=1674685969
Step 1 took 409ms
Step 2 took 530ms

using pp1 with B1 = 1000000 Using B1=1000000, B2=2758243096, polynomial x^1, x0=3048226250
Step 1 took 835ms
Step 2 took 811ms
Using B1=1000000, B2=2758243096, polynomial x^1, x0=2427555848
Step 1 took 645ms
Step 2 took 611ms

Using B1=1000000, B2=2758243096, polynomial x^1, x0=3640709350
Step 1 took 619ms
Step 2 took 761ms
using ecm with B1 = 1000000 Using B1=1000000, B2=2745384192, polynomial Dickson(6), sigma=1:2122666254
Step 1 took 3456ms
Step 2 took 27301ms
2828185962806108830283 (22 digits, F1 48 digits) 
using pm1 with B1 = 1000000 Using B1=1000000-1000000, B2=1566731988, polynomial x^1
Step 1 took 0ms
Step 2 took 4496ms

using pp1 with B1 = 1000000 Using B1=1000000, B2=1566731988, polynomial x^1, x0=2654398589
Step 1 took 682ms
Step 2 took 7216ms
Using B1=1000000, B2=1566731988, polynomial x^1, x0=1308976260
Step 1 took 688ms
Step 2 took 7597ms

Using B1=1000000, B2=1566731988, polynomial x^1, x0=2608933650
Step 1 took 616ms
Step 2 took 7799ms
using ecm with B1 = 1000000 Using B1=1000000, B2=2745384192, polynomial Dickson(6), sigma=1:867728198
Step 1 took 3038ms
Step 2 took 24379ms
Using B1=1000000, B2=2745384192, polynomial Dickson(6), sigma=1:3089668494
Step 1 took 2729ms
Step 2 took 24462ms

Some progress !! 
Searching factor for 33719401802793429060389923033301907801289050890469386375956971742415135439752461052066963774534790539291143282481850926409306030118415954240041155649958209454466874527823736603662159 of 20 digits
using pm1 with B1 = 11000 Using B1=11000, B2=874396, polynomial x^1, x0=1358458743
Step 1 took 4ms
Step 2 took 11ms

using pp1 with B1 = 11000 Using B1=11000, B2=1260528, polynomial x^1, x0=1786439424
Step 1 took 8ms
Step 2 took 15ms
Using B1=11000, B2=1260528, polynomial x^1, x0=1752001774
Step 1 took 11ms
Step 2 took 15ms

Using B1=11000, B2=1260528, polynomial x^1, x0=3560371083
Step 1 took 9ms
Step 2 took 16ms
using ecm with B1 = 11000 Using B1=11000, B2=4078476, polynomial x^1, sigma=1:2664982716
Step 1 took 39ms
Step 2 took 153ms
Using B1=11000, B2=4078476, polynomial x^1, sigma=1:213865254
Step 1 took 38ms
Step 2 took 146ms

Searching factor for 33719401802793429060389923033301907801289050890469386375956971742415135439752461052066963774534790539291143282481850926409306030118415954240041155649958209454466874527823736603662159 of 25 digits
using pm1 with B1 = 50000 Using B1=50000, B2=9714820, polynomial x^1, x0=3066718630
Step 1 took 21ms
Step 2 took 29ms

using pp1 with B1 = 50000 Using B1=50000, B2=9714820, polynomial x^1, x0=2423756481
Step 1 took 39ms
Step 2 took 44ms
Using B1=50000, B2=9714820, polynomial x^1, x0=2352376539
Step 1 took 42ms
Step 2 took 39ms

Using B1=50000, B2=9714820, polynomial x^1, x0=3491577697
Step 1 took 42ms
Step 2 took 41ms
using ecm with B1 = 50000 Using B1=50000, B2=39792246, polynomial x^2, sigma=1:79700641
Step 1 took 163ms
Step 2 took 887ms
Using B1=50000, B2=39792246, polynomial x^2, sigma=1:1963996684
Step 1 took 155ms
Step 2 took 976ms

Searching factor for 33719401802793429060389923033301907801289050890469386375956971742415135439752461052066963774534790539291143282481850926409306030118415954240041155649958209454466874527823736603662159 of 30 digits
using pm1 with B1 = 250000 Using B1=250000, B2=170973772, polynomial x^1, x0=2475766158
Step 1 took 105ms
Step 2 took 129ms

using pp1 with B1 = 250000 Using B1=250000, B2=170973772, polynomial x^1, x0=3749876222
Step 1 took 201ms
Step 2 took 185ms
Using B1=250000, B2=170973772, polynomial x^1, x0=4265705169
Step 1 took 210ms
Step 2 took 177ms

Using B1=250000, B2=170973772, polynomial x^1, x0=1107151401
Step 1 took 205ms
Step 2 took 182ms
using ecm with B1 = 250000 Using B1=250000, B2=328840062, polynomial Dickson(3), sigma=1:884639220
Step 1 took 824ms
Step 2 took 4291ms
Using B1=250000, B2=328840062, polynomial Dickson(3), sigma=1:408257001
Step 1 took 704ms
Step 2 took 4372ms

Searching factor for 33719401802793429060389923033301907801289050890469386375956971742415135439752461052066963774534790539291143282481850926409306030118415954240041155649958209454466874527823736603662159 of 35 digits
using pm1 with B1 = 1000000 Using B1=1000000, B2=1748900148, polynomial x^1, x0=597386162
Step 1 took 367ms
Step 2 took 452ms

using pp1 with B1 = 1000000 Using B1=1000000, B2=2758243096, polynomial x^1, x0=2957258447
Step 1 took 741ms
Step 2 took 695ms
Using B1=1000000, B2=2758243096, polynomial x^1, x0=427721648
Step 1 took 704ms
Step 2 took 749ms

Using B1=1000000, B2=2758243096, polynomial x^1, x0=2906798069
Step 1 took 787ms
Step 2 took 633ms
using ecm with B1 = 1000000 Using B1=1000000, B2=2745384192, polynomial Dickson(6), sigma=1:2675624124
Step 1 took 2760ms
Step 2 took 25176ms
Using B1=1000000, B2=2745384192, polynomial Dickson(6), sigma=1:1985738578
Step 1 took 3207ms
Step 2 took 25498ms

Searching factor for 33719401802793429060389923033301907801289050890469386375956971742415135439752461052066963774534790539291143282481850926409306030118415954240041155649958209454466874527823736603662159 of 40 digits
using pm1 with B1 = 3000000 Using B1=3000000, B2=11184906436, polynomial x^1, x0=1917232435
Step 1 took 1079ms
Step 2 took 1115ms

using pp1 with B1 = 3000000 Using B1=3000000, B2=11184906436, polynomial x^1, x0=1102444192
Step 1 took 2020ms
Step 2 took 1493ms
Using B1=3000000, B2=11184906436, polynomial x^1, x0=3353588800
Step 1 took 2196ms
Step 2 took 1475ms

Using B1=3000000, B2=11184906436, polynomial x^1, x0=742498967
Step 1 took 2194ms
Step 2 took 1444ms
using ecm with B1 = 3000000 Using B1=3000000, B2=7057613652, polynomial Dickson(6), sigma=1:2197212265
Step 1 took 9004ms
Step 2 took 62780ms
Using B1=3000000, B2=7057613652, polynomial Dickson(6), sigma=1:3880357856
Step 1 took 9705ms
Step 2 took 63734ms

Searching factor for 33719401802793429060389923033301907801289050890469386375956971742415135439752461052066963774534790539291143282481850926409306030118415954240041155649958209454466874527823736603662159 of 45 digits
using pm1 with B1 = 11000000 Using B1=11000000, B2=93543157510, polynomial x^1, x0=3690110634
Step 1 took 3881ms
Step 2 took 3195ms

using pp1 with B1 = 11000000 Using B1=11000000, B2=93543157510, polynomial x^1, x0=512235549
Step 1 took 7647ms
Step 2 took 4131ms
Using B1=11000000, B2=93543157510, polynomial x^1, x0=1224657282
Step 1 took 7628ms
Step 2 took 4063ms

Using B1=11000000, B2=93543157510, polynomial x^1, x0=1414998485
Step 1 took 7645ms
Step 2 took 4270ms
using ecm with B1 = 11000000 Using B1=11000000, B2=53394014532, polynomial Dickson(12), sigma=1:3679582610
Step 1 took 33808ms
Step 2 took 353719ms
Using B1=11000000, B2=53394014532, polynomial Dickson(12), sigma=1:2359637343
Step 1 took 34042ms
Step 2 took 299749ms

Searching factor for 33719401802793429060389923033301907801289050890469386375956971742415135439752461052066963774534790539291143282481850926409306030118415954240041155649958209454466874527823736603662159 of 50 digits
using pm1 with B1 = 43000000 Using B1=43000000, B2=1127796146400, polynomial x^1, x0=3685973464
Step 1 took 12405ms
Step 2 took 8825ms

using pp1 with B1 = 43000000 Using B1=43000000, B2=1512539543092, polynomial x^1, x0=3547461026
Step 1 took 23644ms
Step 2 took 15107ms
Using B1=43000000, B2=1512539543092, polynomial x^1, x0=204303017
Step 1 took 23959ms
Step 2 took 16376ms

Using B1=43000000, B2=1512539543092, polynomial x^1, x0=1747666396
Step 1 took 27173ms
Step 2 took 16554ms
using ecm with B1 = 43000000 Using B1=43000000, B2=374758566010, polynomial Dickson(30), sigma=1:1248868164
Step 1 took 121771ms
